Vivado Simulator 2019.1
Time resolution is 1 ps
t=31000 i=0 j=0 A=0 B=0 mem=[90 25 60 15 30 75 45 10]
t=33000 i=0 j=0 A=0 B=0 mem=[90 25 60 15 30 75 45 10]
t=35000 i=0 j=1 A=90 B=0 mem=[90 25 60 15 30 75 45 10]
t=37000 i=0 j=1 A=90 B=25 mem=[90 25 60 15 30 75 45 10]
t=39000 i=0 j=1 A=90 B=25 mem=[90 25 60 15 30 75 45 10]
t=41000 i=0 j=1 A=90 B=25 mem=[25 25 60 15 30 75 45 10]
t=43000 i=0 j=1 A=90 B=25 mem=[25 90 60 15 30 75 45 10]
t=45000 i=0 j=2 A=25 B=25 mem=[25 90 60 15 30 75 45 10]
t=47000 i=0 j=2 A=25 B=60 mem=[25 90 60 15 30 75 45 10]
t=49000 i=0 j=2 A=25 B=60 mem=[25 90 60 15 30 75 45 10]
t=51000 i=0 j=3 A=25 B=60 mem=[25 90 60 15 30 75 45 10]
t=53000 i=0 j=3 A=25 B=15 mem=[25 90 60 15 30 75 45 10]
t=55000 i=0 j=3 A=25 B=15 mem=[25 90 60 15 30 75 45 10]
t=57000 i=0 j=3 A=25 B=15 mem=[15 90 60 15 30 75 45 10]
t=59000 i=0 j=3 A=25 B=15 mem=[15 90 60 25 30 75 45 10]
t=61000 i=0 j=4 A=15 B=15 mem=[15 90 60 25 30 75 45 10]
t=63000 i=0 j=4 A=15 B=30 mem=[15 90 60 25 30 75 45 10]
t=65000 i=0 j=4 A=15 B=30 mem=[15 90 60 25 30 75 45 10]
t=67000 i=0 j=5 A=15 B=30 mem=[15 90 60 25 30 75 45 10]
t=69000 i=0 j=5 A=15 B=75 mem=[15 90 60 25 30 75 45 10]
t=71000 i=0 j=5 A=15 B=75 mem=[15 90 60 25 30 75 45 10]
t=73000 i=0 j=6 A=15 B=75 mem=[15 90 60 25 30 75 45 10]
t=75000 i=0 j=6 A=15 B=45 mem=[15 90 60 25 30 75 45 10]
t=77000 i=0 j=6 A=15 B=45 mem=[15 90 60 25 30 75 45 10]
t=79000 i=0 j=7 A=15 B=45 mem=[15 90 60 25 30 75 45 10]
t=81000 i=0 j=7 A=15 B=10 mem=[15 90 60 25 30 75 45 10]
t=83000 i=0 j=7 A=15 B=10 mem=[15 90 60 25 30 75 45 10]
t=85000 i=0 j=7 A=15 B=10 mem=[10 90 60 25 30 75 45 10]
t=87000 i=0 j=7 A=15 B=10 mem=[10 90 60 25 30 75 45 15]
t=89000 i=1 j=1 A=10 B=10 mem=[10 90 60 25 30 75 45 15]
t=91000 i=1 j=2 A=90 B=10 mem=[10 90 60 25 30 75 45 15]
t=93000 i=1 j=2 A=90 B=60 mem=[10 90 60 25 30 75 45 15]
t=95000 i=1 j=2 A=90 B=60 mem=[10 90 60 25 30 75 45 15]
t=97000 i=1 j=2 A=90 B=60 mem=[10 60 60 25 30 75 45 15]
t=99000 i=1 j=2 A=90 B=60 mem=[10 60 90 25 30 75 45 15]
t=101000 i=1 j=3 A=60 B=60 mem=[10 60 90 25 30 75 45 15]
t=103000 i=1 j=3 A=60 B=25 mem=[10 60 90 25 30 75 45 15]
t=105000 i=1 j=3 A=60 B=25 mem=[10 60 90 25 30 75 45 15]
t=107000 i=1 j=3 A=60 B=25 mem=[10 25 90 25 30 75 45 15]
t=109000 i=1 j=3 A=60 B=25 mem=[10 25 90 60 30 75 45 15]
t=111000 i=1 j=4 A=25 B=25 mem=[10 25 90 60 30 75 45 15]
t=113000 i=1 j=4 A=25 B=30 mem=[10 25 90 60 30 75 45 15]
t=115000 i=1 j=4 A=25 B=30 mem=[10 25 90 60 30 75 45 15]
t=117000 i=1 j=5 A=25 B=30 mem=[10 25 90 60 30 75 45 15]
t=119000 i=1 j=5 A=25 B=75 mem=[10 25 90 60 30 75 45 15]
t=121000 i=1 j=5 A=25 B=75 mem=[10 25 90 60 30 75 45 15]
t=123000 i=1 j=6 A=25 B=75 mem=[10 25 90 60 30 75 45 15]
t=125000 i=1 j=6 A=25 B=45 mem=[10 25 90 60 30 75 45 15]
t=127000 i=1 j=6 A=25 B=45 mem=[10 25 90 60 30 75 45 15]
t=129000 i=1 j=7 A=25 B=45 mem=[10 25 90 60 30 75 45 15]
t=131000 i=1 j=7 A=25 B=15 mem=[10 25 90 60 30 75 45 15]
t=133000 i=1 j=7 A=25 B=15 mem=[10 25 90 60 30 75 45 15]
t=135000 i=1 j=7 A=25 B=15 mem=[10 15 90 60 30 75 45 15]
t=137000 i=1 j=7 A=25 B=15 mem=[10 15 90 60 30 75 45 25]
t=139000 i=2 j=2 A=15 B=15 mem=[10 15 90 60 30 75 45 25]
t=141000 i=2 j=3 A=90 B=15 mem=[10 15 90 60 30 75 45 25]
t=143000 i=2 j=3 A=90 B=60 mem=[10 15 90 60 30 75 45 25]
t=145000 i=2 j=3 A=90 B=60 mem=[10 15 90 60 30 75 45 25]
t=147000 i=2 j=3 A=90 B=60 mem=[10 15 60 60 30 75 45 25]
t=149000 i=2 j=3 A=90 B=60 mem=[10 15 60 90 30 75 45 25]
t=151000 i=2 j=4 A=60 B=60 mem=[10 15 60 90 30 75 45 25]
t=153000 i=2 j=4 A=60 B=30 mem=[10 15 60 90 30 75 45 25]
t=155000 i=2 j=4 A=60 B=30 mem=[10 15 60 90 30 75 45 25]
t=157000 i=2 j=4 A=60 B=30 mem=[10 15 30 90 30 75 45 25]
t=159000 i=2 j=4 A=60 B=30 mem=[10 15 30 90 60 75 45 25]
t=161000 i=2 j=5 A=30 B=30 mem=[10 15 30 90 60 75 45 25]
t=163000 i=2 j=5 A=30 B=75 mem=[10 15 30 90 60 75 45 25]
t=165000 i=2 j=5 A=30 B=75 mem=[10 15 30 90 60 75 45 25]
t=167000 i=2 j=6 A=30 B=75 mem=[10 15 30 90 60 75 45 25]
t=169000 i=2 j=6 A=30 B=45 mem=[10 15 30 90 60 75 45 25]
t=171000 i=2 j=6 A=30 B=45 mem=[10 15 30 90 60 75 45 25]
t=173000 i=2 j=7 A=30 B=45 mem=[10 15 30 90 60 75 45 25]
t=175000 i=2 j=7 A=30 B=25 mem=[10 15 30 90 60 75 45 25]
t=177000 i=2 j=7 A=30 B=25 mem=[10 15 30 90 60 75 45 25]
t=179000 i=2 j=7 A=30 B=25 mem=[10 15 25 90 60 75 45 25]
t=181000 i=2 j=7 A=30 B=25 mem=[10 15 25 90 60 75 45 30]
t=183000 i=3 j=3 A=25 B=25 mem=[10 15 25 90 60 75 45 30]
t=185000 i=3 j=4 A=90 B=25 mem=[10 15 25 90 60 75 45 30]
t=187000 i=3 j=4 A=90 B=60 mem=[10 15 25 90 60 75 45 30]
t=189000 i=3 j=4 A=90 B=60 mem=[10 15 25 90 60 75 45 30]
t=191000 i=3 j=4 A=90 B=60 mem=[10 15 25 60 60 75 45 30]
t=193000 i=3 j=4 A=90 B=60 mem=[10 15 25 60 90 75 45 30]
t=195000 i=3 j=5 A=60 B=60 mem=[10 15 25 60 90 75 45 30]
t=197000 i=3 j=5 A=60 B=75 mem=[10 15 25 60 90 75 45 30]
t=199000 i=3 j=5 A=60 B=75 mem=[10 15 25 60 90 75 45 30]
t=201000 i=3 j=6 A=60 B=75 mem=[10 15 25 60 90 75 45 30]
t=203000 i=3 j=6 A=60 B=45 mem=[10 15 25 60 90 75 45 30]
t=205000 i=3 j=6 A=60 B=45 mem=[10 15 25 60 90 75 45 30]
t=207000 i=3 j=6 A=60 B=45 mem=[10 15 25 45 90 75 45 30]
t=209000 i=3 j=6 A=60 B=45 mem=[10 15 25 45 90 75 60 30]
t=211000 i=3 j=7 A=45 B=45 mem=[10 15 25 45 90 75 60 30]
t=213000 i=3 j=7 A=45 B=30 mem=[10 15 25 45 90 75 60 30]
t=215000 i=3 j=7 A=45 B=30 mem=[10 15 25 45 90 75 60 30]
t=217000 i=3 j=7 A=45 B=30 mem=[10 15 25 30 90 75 60 30]
t=219000 i=3 j=7 A=45 B=30 mem=[10 15 25 30 90 75 60 45]
t=221000 i=4 j=4 A=30 B=30 mem=[10 15 25 30 90 75 60 45]
t=223000 i=4 j=5 A=90 B=30 mem=[10 15 25 30 90 75 60 45]
t=225000 i=4 j=5 A=90 B=75 mem=[10 15 25 30 90 75 60 45]
t=227000 i=4 j=5 A=90 B=75 mem=[10 15 25 30 90 75 60 45]
t=229000 i=4 j=5 A=90 B=75 mem=[10 15 25 30 75 75 60 45]
t=231000 i=4 j=5 A=90 B=75 mem=[10 15 25 30 75 90 60 45]
t=233000 i=4 j=6 A=75 B=75 mem=[10 15 25 30 75 90 60 45]
t=235000 i=4 j=6 A=75 B=60 mem=[10 15 25 30 75 90 60 45]
t=237000 i=4 j=6 A=75 B=60 mem=[10 15 25 30 75 90 60 45]
t=239000 i=4 j=6 A=75 B=60 mem=[10 15 25 30 60 90 60 45]
t=241000 i=4 j=6 A=75 B=60 mem=[10 15 25 30 60 90 75 45]
t=243000 i=4 j=7 A=60 B=60 mem=[10 15 25 30 60 90 75 45]
t=245000 i=4 j=7 A=60 B=45 mem=[10 15 25 30 60 90 75 45]
t=247000 i=4 j=7 A=60 B=45 mem=[10 15 25 30 60 90 75 45]
t=249000 i=4 j=7 A=60 B=45 mem=[10 15 25 30 45 90 75 45]
t=251000 i=4 j=7 A=60 B=45 mem=[10 15 25 30 45 90 75 60]
t=253000 i=5 j=5 A=45 B=45 mem=[10 15 25 30 45 90 75 60]
t=255000 i=5 j=6 A=90 B=45 mem=[10 15 25 30 45 90 75 60]
t=257000 i=5 j=6 A=90 B=75 mem=[10 15 25 30 45 90 75 60]
t=259000 i=5 j=6 A=90 B=75 mem=[10 15 25 30 45 90 75 60]
t=261000 i=5 j=6 A=90 B=75 mem=[10 15 25 30 45 75 75 60]
t=263000 i=5 j=6 A=90 B=75 mem=[10 15 25 30 45 75 90 60]
t=265000 i=5 j=7 A=75 B=75 mem=[10 15 25 30 45 75 90 60]
t=267000 i=5 j=7 A=75 B=60 mem=[10 15 25 30 45 75 90 60]
t=269000 i=5 j=7 A=75 B=60 mem=[10 15 25 30 45 75 90 60]
t=271000 i=5 j=7 A=75 B=60 mem=[10 15 25 30 45 60 90 60]
t=273000 i=5 j=7 A=75 B=60 mem=[10 15 25 30 45 60 90 75]
t=275000 i=6 j=6 A=60 B=60 mem=[10 15 25 30 45 60 90 75]
t=277000 i=6 j=7 A=90 B=60 mem=[10 15 25 30 45 60 90 75]
t=279000 i=6 j=7 A=90 B=75 mem=[10 15 25 30 45 60 90 75]
t=281000 i=6 j=7 A=90 B=75 mem=[10 15 25 30 45 60 90 75]
t=283000 i=6 j=7 A=90 B=75 mem=[10 15 25 30 45 60 75 75]
t=285000 i=6 j=7 A=90 B=75 mem=[10 15 25 30 45 60 75 90]
t=287000 i=6 j=7 A=75 B=75 mem=[10 15 25 30 45 60 75 90]
=== Final sorted memory ===
mem = [10, 15, 25, 30, 45, 60, 75, 90]
$finish called at time : 289 ns : File "C:/Users/maree/Desktop/XILINIX_BW_LAPTOPS/YOESorter/YOESorter.srcs/sources_1/new/4.v" Line 97
